2026-01-01T20:18:59Z svc=billing level=INFO msg="batch 4381 committed"
2026-01-01T23:18:28Z svc=search level=INFO msg="cache eviction pass removed 7485 entries"
2026-01-03T06:01:46Z svc=authz level=INFO msg="retry queue depth=3970"
2026-01-05T02:17:10Z svc=authz level=INFO msg="cache eviction pass removed 7186 entries"
2026-01-05T04:32:55Z svc=api level=INFO msg="webhook delivery attempt 3894 succeeded"
2026-01-05T08:56:01Z svc=search level=INFO msg="retry queue depth=3009"
2026-01-06T06:21:56Z svc=ingest level=INFO msg="cache eviction pass removed 3182 entries"
2026-01-06T08:01:11Z svc=search level=INFO msg="retry queue depth=2042"
2026-01-06T20:37:42Z svc=api level=INFO msg="batch 5383 committed"
2026-01-07T05:02:58Z svc=api level=INFO msg="retry queue depth=8009"
2026-01-08T12:41:19Z svc=api level=INFO msg="healthcheck ok rtt=7143ms"
2026-01-08T23:49:12Z svc=authz level=INFO msg="webhook delivery attempt 8803 succeeded"
2026-01-09T22:08:50Z svc=ingest level=INFO msg="token refresh completed in 620ms"
2026-01-09T23:23:32Z svc=api level=INFO msg="cache eviction pass removed 7260 entries"
2026-01-13T01:05:02Z svc=authz level=INFO msg="healthcheck ok rtt=8592ms"
2026-01-13T09:45:34Z svc=search level=INFO msg="token refresh completed in 6572ms"
2026-01-15T10:07:49Z svc=api level=INFO msg="webhook delivery attempt 3245 succeeded"
2026-01-15T20:16:39Z svc=authz level=INFO msg="cache eviction pass removed 7922 entries"
2026-01-16T07:55:50Z svc=scheduler level=INFO msg="healthcheck ok rtt=3222ms"
2026-01-17T06:24:18Z svc=ingest level=INFO msg="token refresh completed in 7228ms"
2026-01-18T09:19:37Z svc=api level=INFO msg="webhook delivery attempt 653 succeeded"
2026-01-18T10:17:34Z svc=scheduler level=INFO msg="batch 6548 committed"
2026-01-18T19:48:17Z svc=search level=INFO msg="token refresh completed in 9008ms"
2026-01-21T14:49:50Z svc=search level=INFO msg="retry queue depth=7078"
2026-01-21T16:43:11Z svc=billing level=INFO msg="webhook delivery attempt 4142 succeeded"
2026-01-22T15:05:17Z svc=search level=INFO msg="retry queue depth=110"
2026-01-22T20:34:00Z svc=ingest level=INFO msg="compaction finished, 2692 segments merged"
2026-01-23T12:20:28Z svc=search level=INFO msg="compaction finished, 5147 segments merged"
2026-01-23T16:27:51Z svc=ingest level=INFO msg="webhook delivery attempt 7642 succeeded"
2026-01-24T02:41:44Z svc=billing level=INFO msg="compaction finished, 18 segments merged"
2026-01-24T08:06:31Z svc=api level=INFO msg="compaction finished, 2779 segments merged"
2026-01-24T08:07:45Z svc=ingest level=INFO msg="batch 9066 committed"
2026-01-24T09:21:03Z svc=search level=INFO msg="cache eviction pass removed 1866 entries"
2026-01-24T22:36:23Z svc=billing level=INFO msg="compaction finished, 4420 segments merged"
2026-01-25T07:56:44Z svc=api level=INFO msg="webhook delivery attempt 1118 succeeded"
2026-01-26T04:51:05Z svc=api level=INFO msg="token refresh completed in 2637ms"
2026-01-26T08:39:10Z svc=ingest level=INFO msg="healthcheck ok rtt=4421ms"
2026-01-27T17:25:54Z svc=ingest level=INFO msg="webhook delivery attempt 1213 succeeded"
2026-01-27T18:00:40Z svc=api level=INFO msg="batch 3342 committed"
2026-01-28T15:12:58Z svc=billing level=INFO msg="webhook delivery attempt 1786 succeeded"
