2025-09-02T04:25:36Z svc=scheduler level=INFO msg="retry queue depth=6428"
2025-09-02T15:29:47Z svc=authz level=INFO msg="retry queue depth=3313"
2025-09-05T22:23:31Z svc=billing level=INFO msg="webhook delivery attempt 1899 succeeded"
2025-09-06T16:42:00Z svc=ingest level=INFO msg="healthcheck ok rtt=966ms"
2025-09-07T09:18:48Z svc=authz level=INFO msg="healthcheck ok rtt=8140ms"
2025-09-07T10:17:24Z svc=ingest level=INFO msg="cache eviction pass removed 9068 entries"
2025-09-08T12:27:03Z svc=authz level=INFO msg="compaction finished, 9108 segments merged"
2025-09-08T17:27:14Z svc=scheduler level=INFO msg="webhook delivery attempt 3613 succeeded"
2025-09-09T13:30:16Z svc=authz level=INFO msg="batch 2372 committed"
2025-09-09T17:55:00Z svc=api level=INFO msg="retry queue depth=6635"
2025-09-10T19:19:06Z svc=scheduler level=INFO msg="cache eviction pass removed 9046 entries"
2025-09-10T20:50:36Z svc=authz level=INFO msg="healthcheck ok rtt=3978ms"
2025-09-10T22:15:17Z svc=api level=INFO msg="cache eviction pass removed 1708 entries"
2025-09-11T05:26:04Z svc=search level=INFO msg="retry queue depth=8801"
2025-09-12T18:03:50Z svc=authz level=INFO msg="webhook delivery attempt 8818 succeeded"
2025-09-12T21:09:59Z svc=authz level=INFO msg="batch 5061 committed"
2025-09-14T11:32:01Z svc=billing level=INFO msg="token refresh completed in 4225ms"
2025-09-14T15:20:38Z svc=authz level=INFO msg="compaction finished, 5209 segments merged"
2025-09-14T20:55:04Z svc=scheduler level=INFO msg="token refresh completed in 4495ms"
2025-09-16T05:19:38Z svc=scheduler level=INFO msg="healthcheck ok rtt=5186ms"
2025-09-16T22:39:40Z svc=billing level=INFO msg="token refresh completed in 2350ms"
2025-09-17T19:03:04Z svc=api level=INFO msg="batch 1052 committed"
2025-09-18T00:20:45Z svc=search level=INFO msg="retry queue depth=2028"
2025-09-18T05:37:47Z svc=api level=INFO msg="batch 3353 committed"
2025-09-18T08:08:17Z svc=ingest level=INFO msg="healthcheck ok rtt=5426ms"
2025-09-18T09:07:26Z svc=api level=INFO msg="retry queue depth=4024"
2025-09-19T00:12:41Z svc=ingest level=INFO msg="retry queue depth=7565"
2025-09-19T11:02:45Z svc=api level=INFO msg="batch 3753 committed"
2025-09-19T20:39:59Z svc=billing level=INFO msg="batch 2072 committed"
2025-09-20T20:46:19Z svc=scheduler level=INFO msg="cache eviction pass removed 1506 entries"
2025-09-21T13:56:24Z svc=api level=INFO msg="healthcheck ok rtt=2353ms"
2025-09-23T02:41:19Z svc=authz level=INFO msg="healthcheck ok rtt=4702ms"
2025-09-23T06:10:08Z svc=api level=INFO msg="token refresh completed in 8705ms"
2025-09-23T09:11:32Z svc=billing level=INFO msg="healthcheck ok rtt=6530ms"
2025-09-24T20:24:33Z svc=scheduler level=INFO msg="healthcheck ok rtt=6839ms"
2025-09-24T20:26:21Z svc=scheduler level=INFO msg="batch 3940 committed"
2025-09-25T19:31:04Z svc=billing level=INFO msg="compaction finished, 3357 segments merged"
2025-09-25T21:34:56Z svc=search level=INFO msg="webhook delivery attempt 159 succeeded"
2025-09-26T16:16:25Z svc=scheduler level=INFO msg="compaction finished, 9434 segments merged"
2025-09-27T16:07:51Z svc=scheduler level=INFO msg="retry queue depth=4038"
